<html>
<body>
<pre>
<h1>µVision Build Log</h1>
<h2>Tool Versions:</h2>
IDE-Version: ¦ÌVision V5.38.0.0
Copyright (C) 2022 ARM Ltd and ARM Germany GmbH. All rights reserved.
License Information: chen shenchao
none
User-based license: Keil MDK Community
Valid until: Jun 1 2033. Cached until: Jan 29 2024
 
Tool Versions:
Toolchain:       Keil MDK Community  Version: 5.38.0.0
Toolchain Path:  D:\KeliArmV5\ARM\ARMCLANG\Bin
C Compiler:      ArmClang.exe V6.19
Assembler:       Armasm.exe V6.19
Linker/Locator:  ArmLink.exe V6.19
Library Manager: ArmAr.exe V6.19
Hex Converter:   FromElf.exe V6.19
CPU DLL:         SARMCM3.DLL V5.38.0.0
Dialog DLL:      DCM.DLL V1.17.5.0
Target DLL:      STLink\ST-LINKIII-KEIL_SWO.dll V3.1.0.0
Dialog DLL:      TCM.DLL V1.56.4.0
 
<h2>Project:</h2>
G:\chaosannals\exert-mcu\stm32keil\f401rct6v1\f401rct6v1.uvprojx
Project File Date:  01/22/2024

<h2>Output:</h2>
*** Using Compiler 'V6.19', folder: 'D:\KeliArmV5\ARM\ARMCLANG\Bin'
Rebuild target 'Target 1'
compiling stm32f4xx_hal.c...
D:/KeliArmV5Packs/Keil/STM32F4xx_DFP/2.17.1/Drivers/STM32F4xx_HAL_Driver/Src/stm32f4xx_hal_pwr.c(379): warning: unused parameter 'Regulator' [-Wunused-parameter]
void HAL_PWR_EnterSLEEPMode(uint32_t Regulator, uint8_t SLEEPEntry)
                                     ^
1 warning generated.
compiling stm32f4xx_hal_pwr.c...
compiling stm32f4xx_hal_pwr_ex.c...
D:/KeliArmV5Packs/Keil/STM32F4xx_DFP/2.17.1/Drivers/STM32F4xx_HAL_Driver/Src/stm32f4xx_hal_cortex.c(215): warning: function 'HAL_NVIC_SystemReset' could be declared with attribute 'noreturn' [-Wmissing-noreturn]
{
^
D:/KeliArmV5Packs/Keil/STM32F4xx_DFP/2.17.1/Drivers/STM32F4xx_HAL_Driver/Src/stm32f4xx_hal_cortex.c(81): warning: In file included from...
D:/KeliArmV5Packs/Keil/STM32F4xx_DFP/2.17.1/Drivers/STM32F4xx_HAL_Driver/Inc\stm32f4xx_hal.h(29): warning: In file included from...
./RTE/Device/STM32F401RCTx\stm32f4xx_hal_conf.h(401): warning: In file included from...
D:/KeliArmV5Packs/Keil/STM32F4xx_DFP/2.17.1/Drivers/STM32F4xx_HAL_Driver/Inc\stm32f4xx_hal_cortex.h(52): warning: padding struct 'MPU_Region_InitTypeDef' with 2 bytes to align 'BaseAddress' [-Wpadded]
  uint32_t               BaseAddress;           /*!< Specifies the base address of the region to protect.                           */
                         ^
2 warnings generated.
compiling stm32f4xx_hal_cortex.c...
D:/KeliArmV5Packs/Keil/STM32F4xx_DFP/2.17.1/Drivers/STM32F4xx_HAL_Driver/Src/stm32f4xx_hal_rcc_ex.c(23): warning: In file included from...
D:/KeliArmV5Packs/Keil/STM32F4xx_DFP/2.17.1/Drivers/STM32F4xx_HAL_Driver/Inc\stm32f4xx_hal.h(29): warning: In file included from...
./RTE/Device/STM32F401RCTx\stm32f4xx_hal_conf.h(385): warning: In file included from...
D:/KeliArmV5Packs/Keil/STM32F4xx_DFP/2.17.1/Drivers/STM32F4xx_HAL_Driver/Inc\stm32f4xx_hal_rcc.h(31): warning: In file included from...
D:/KeliArmV5Packs/Keil/STM32F4xx_DFP/2.17.1/Drivers/STM32F4xx_HAL_Driver/Inc/stm32f4xx_hal_rcc_ex.h(403): warning: padding size of 'RCC_PeriphCLKInitTypeDef' with 3 bytes to alignment boundary [-Wpadded]
typedef struct
        ^
1 warning generated.
compiling stm32f4xx_hal_rcc_ex.c...
compiling main.c...
assembling startup_stm32f401xc.s...
compiling system_stm32f4xx.c...
compiling stm32f4xx_hal_gpio.c...
D:/KeliArmV5Packs/Keil/STM32F4xx_DFP/2.17.1/Drivers/STM32F4xx_HAL_Driver/Src/stm32f4xx_hal_dma_ex.c(39): warning: In file included from...
D:/KeliArmV5Packs/Keil/STM32F4xx_DFP/2.17.1/Drivers/STM32F4xx_HAL_Driver/Inc\stm32f4xx_hal.h(29): warning: In file included from...
./RTE/Device/STM32F401RCTx\stm32f4xx_hal_conf.h(397): warning: In file included from...
D:/KeliArmV5Packs/Keil/STM32F4xx_DFP/2.17.1/Drivers/STM32F4xx_HAL_Driver/Inc\stm32f4xx_hal_dma.h(148): warning: padding struct 'struct __DMA_HandleTypeDef' with 2 bytes to align 'Parent' [-Wpadded]
  void                       *Parent;                                                          /*!< Parent object state                    */ 
                              ^
1 warning generated.
compiling stm32f4xx_hal_dma_ex.c...
D:/KeliArmV5Packs/Keil/STM32F4xx_DFP/2.17.1/Drivers/STM32F4xx_HAL_Driver/Src/stm32f4xx_hal_dma.c(97): warning: In file included from...
D:/KeliArmV5Packs/Keil/STM32F4xx_DFP/2.17.1/Drivers/STM32F4xx_HAL_Driver/Inc\stm32f4xx_hal.h(29): warning: In file included from...
./RTE/Device/STM32F401RCTx\stm32f4xx_hal_conf.h(397): warning: In file included from...
D:/KeliArmV5Packs/Keil/STM32F4xx_DFP/2.17.1/Drivers/STM32F4xx_HAL_Driver/Inc\stm32f4xx_hal_dma.h(148): warning: padding struct 'struct __DMA_HandleTypeDef' with 2 bytes to align 'Parent' [-Wpadded]
  void                       *Parent;                                                          /*!< Parent object state                    */ 
                              ^
D:/KeliArmV5Packs/Keil/STM32F4xx_DFP/2.17.1/Drivers/STM32F4xx_HAL_Driver/Src/stm32f4xx_hal_dma.c(289): warning: cast from function call of type 'uint32_t' (aka 'unsigned int') to non-matching type 'DMA_Base_Registers *' [-Wbad-function-cast]
  regs = (DMA_Base_Registers *)DMA_CalcBaseAndBitshift(hdma);
                               ^~~~~~~~~~~~~~~~~~~~~~~~~~~~~
D:/KeliArmV5Packs/Keil/STM32F4xx_DFP/2.17.1/Drivers/STM32F4xx_HAL_Driver/Src/stm32f4xx_hal_dma.c(351): warning: cast from function call of type 'uint32_t' (aka 'unsigned int') to non-matching type 'DMA_Base_Registers *' [-Wbad-function-cast]
  regs = (DMA_Base_Registers *)DMA_CalcBaseAndBitshift(hdma);
                               ^~~~~~~~~~~~~~~~~~~~~~~~~~~~~
D:/KeliArmV5Packs/Keil/STM32F4xx_DFP/2.17.1/Drivers/STM32F4xx_HAL_Driver/Src/stm32f4xx_hal_dma.c(977): warning: enumeration value 'HAL_DMA_XFER_ALL_CB_ID' not explicitly handled in switch [-Wswitch-enum]
    switch (CallbackID)
            ^~~~~~~~~~
D:/KeliArmV5Packs/Keil/STM32F4xx_DFP/2.17.1/Drivers/STM32F4xx_HAL_Driver/Src/stm32f4xx_hal_dma.c(1073): warning: default label in switch which covers all enumeration values [-Wcovered-switch-default]
    default:
    ^
5 warnings generated.
compiling stm32f4xx_hal_dma.c...
compiling stm32f4xx_hal_rcc.c...
linking...
Program Size: Code=376 RO-data=420 RW-data=0 ZI-data=1632  
".\Objects\f401rct6v1.axf" - 0 Error(s), 10 Warning(s).

<h2>Software Packages used:</h2>

Package Vendor: ARM
                http://www.keil.com/pack/ARM.CMSIS.5.9.0.pack
                ARM.CMSIS.5.9.0
                CMSIS (Common Microcontroller Software Interface Standard)
   * Component: CORE Version: 5.6.0

Package Vendor: Keil
                https://www.keil.com/pack/Keil.STM32F4xx_DFP.2.17.1.pack
                Keil.STM32F4xx_DFP.2.17.1
                STMicroelectronics STM32F4 Series Device Support, Drivers and Examples
   * Component: STM32Cube Framework Version: 1.0.0
   * Component: Classic Version: 1.8.1
   * Component: Common Version: 1.8.1
   * Component: Cortex Version: 1.8.1
   * Component: DMA Version: 1.8.1
   * Component: GPIO Version: 1.8.1
   * Component: PWR Version: 1.8.1
   * Component: RCC Version: 1.8.1
   * Component: Startup Version: 2.6.3

<h2>Collection of Component include folders:</h2>
  ./RTE/Device/STM32F401RCTx
  ./RTE/_Target_1
  D:/KeliArmV5Packs/ARM/CMSIS/5.9.0/CMSIS/Core/Include
  D:/KeliArmV5Packs/Keil/STM32F4xx_DFP/2.17.1/Drivers/CMSIS/Device/ST/STM32F4xx/Include
  D:/KeliArmV5Packs/Keil/STM32F4xx_DFP/2.17.1/Drivers/STM32F4xx_HAL_Driver/Inc

<h2>Collection of Component Files used:</h2>

   * Component: ::Device:STM32Cube Framework:1.0.0 (API)

   * Component: ARM::CMSIS:CORE:5.6.0

   * Component: Keil::Device:STM32Cube Framework:Classic:1.8.1
      Source file:   MDK/Templates/Src/main.c
      Include file:  MDK/Templates/Inc/stm32f4xx_hal_conf.h
      Include file:  MDK/Templates_LL/Inc/main.h
      Source file:   MDK/Templates_LL/Src/main.c
      Include file:  MDK/Templates/Inc/stm32f4xx_it.h
      Include file:  CMSIS/Driver/Config/RTE_Device.h
      Source file:   MDK/Templates/Src/stm32f4xx_it.c
      Include file:  MDK/Templates/Inc/main.h
      Source file:   MDK/Templates/Src/stm32f4xx_hal_msp.c

   * Component: Keil::Device:STM32Cube HAL:Common:1.8.1
      Include file:  Drivers/STM32F4xx_HAL_Driver/Inc/stm32f4xx_hal.h
      Source file:   Drivers/STM32F4xx_HAL_Driver/Src/stm32f4xx_hal.c

   * Component: Keil::Device:STM32Cube HAL:Cortex:1.8.1
      Source file:   Drivers/STM32F4xx_HAL_Driver/Src/stm32f4xx_hal_cortex.c

   * Component: Keil::Device:STM32Cube HAL:DMA:1.8.1
      Source file:   Drivers/STM32F4xx_HAL_Driver/Src/stm32f4xx_hal_dma.c
      Source file:   Drivers/STM32F4xx_HAL_Driver/Src/stm32f4xx_hal_dma_ex.c

   * Component: Keil::Device:STM32Cube HAL:GPIO:1.8.1
      Source file:   Drivers/STM32F4xx_HAL_Driver/Src/stm32f4xx_hal_gpio.c

   * Component: Keil::Device:STM32Cube HAL:PWR:1.8.1
      Source file:   Drivers/STM32F4xx_HAL_Driver/Src/stm32f4xx_hal_pwr_ex.c
      Source file:   Drivers/STM32F4xx_HAL_Driver/Src/stm32f4xx_hal_pwr.c

   * Component: Keil::Device:STM32Cube HAL:RCC:1.8.1
      Source file:   Drivers/STM32F4xx_HAL_Driver/Src/stm32f4xx_hal_rcc.c
      Source file:   Drivers/STM32F4xx_HAL_Driver/Src/stm32f4xx_hal_rcc_ex.c

   * Component: Keil::Device:Startup:2.6.3
      Source file:   MDK/Device/Source/ARM/STM32F401xx_OPT.s
      Source file:   MDK/Device/Source/ARM/STM32F4xx_OTP.s
      Include file:  Drivers/CMSIS/Device/ST/STM32F4xx/Include/stm32f4xx.h
      Source file:   Drivers/CMSIS/Device/ST/STM32F4xx/Source/Templates/arm/startup_stm32f401xc.s
      Source file:   Drivers/CMSIS/Device/ST/STM32F4xx/Source/Templates/system_stm32f4xx.c
Build Time Elapsed:  00:00:00
</pre>
</body>
</html>
